../Core/Src/main.c:76:5:main	56	static
../Core/Src/main.c:163:6:SystemClock_Config	88	static
../Core/Src/main.c:197:13:MX_USART1_UART_Init	8	static
../Core/Src/main.c:213:13:MX_USART2_UART_Init	8	static
../Core/Src/main.c:229:13:MX_GPIO_Init	24	static
../Core/Src/main.c:238:9:NORA_SendCommand	152	static
../Core/Src/main.c:281:6:NORA_ClearBuffer	8	static
../Core/Src/main.c:290:9:NORA_IsWiFiConnected	8	static
../Core/Src/main.c:296:6:NORA_ConnectWiFi	8	static
../Core/Src/main.c:311:6:NORA_ConnectMQTT	8	static
../Core/Src/main.c:320:6:Error_Handler	4	static,ignoring_inline_asm
